// Jest Snapshot v1, https://goo.gl/fbAQLP

exports[`minimal renders without crashing 1`] = `
<main>
  <form>
    <p>
       
      <input
        className=""
        onBlur={[Function]}
        onChange={[Function]}
        onFocus={[Function]}
        type="text"
        value=""
      />
    </p>
    <p>
       
      <input
        className=""
        onBlur={[Function]}
        onChange={[Function]}
        onFocus={[Function]}
        type="text"
        value=""
      />
    </p>
    <p>
       
      <input
        className=""
        onBlur={[Function]}
        onChange={[Function]}
        onFocus={[Function]}
        type="number"
        value={25}
      />
    </p>
    <p>
       
      <input
        checked={true}
        className=""
        onBlur={[Function]}
        onChange={[Function]}
        onFocus={[Function]}
        type="checkbox"
      />
    </p>
  </form>
  <button
    onClick={[Function]}
  >
    Undo
  </button>
  <button
    onClick={[Function]}
  >
    Undo
  </button>
</main>
`;
